benchmarking http://10.0.1.71:8000 (config/cluster-64k.json); writing results/private/bench/memory-saver-capacity-64k-sustained/bench.json
quality:
  quality 1/5: pass
  quality 2/5: pass
  quality 3/5: pass
  quality 4/5: pass
  quality 5/5: pass
decode:
  warmup: one discarded sample per point
  round 1: code-c1 ±-%, code-c2 ±-%, code-c4 ±-%, code-c8 ±-%, prose-c1 ±-%, prose-c2 ±-%, prose-c4 ±-%, prose-c8 ±-%
  round 2: code-c1 ±33.33%, code-c2 ±29.61%, code-c4 ±23.54%, code-c8 ±16.35%, prose-c1 ±56.42%, prose-c2 ±7.87%, prose-c4 ±14.82%, prose-c8 ±14.02%
  round 3: all points converged
prefill:
  prefill 65536: 3819 tok/s
  prefill 32768: 3774 tok/s
  prefill 262144: 3693 tok/s
  prefill 1024: 2219 tok/s
  prefill 1024: 2143 tok/s
  prefill 262144: 3675 tok/s
  prefill 32768: 3762 tok/s
  prefill 65536: 3773 tok/s
prefix:
  prefix 1/3: cold 6.5595 s, warm [0.2669, 0.266] s
  prefix 2/3: cold 6.5537 s, warm [0.2678, 0.2664] s
  prefix 3/3: cold 6.5452 s, warm [0.2668, 0.2721] s
admission:
  admission: pass; peak KV 53%
quality: LRU 5/5
decode (aggregate tok/s, 95% CI):
  prose-c1                52.8 ±12.3% n=3  
  prose-c2                79.4 ± 9.3% n=3  
  prose-c4               117.9 ± 3.2% n=3  
  prose-c8               171.2 ± 9.1% n=3  
  code-c1                 64.8 ± 7.2% n=3  
  code-c2                 90.7 ± 6.2% n=3  
  code-c4                135.6 ± 5.9% n=3  
  code-c8                195.8 ± 3.8% n=3  
single-stream step time (ms, lower is better; independent of acceptance):
  prose-c1               40.84 ± 3.4% n=3  
  code-c1                45.36 ± 7.0% n=3  
prefill (tok/s):
  1024 tokens           2181.3 ±22.2% n=2  
  32768 tokens          3768.1 ± 2.0% n=2  
  65536 tokens          3796.4 ± 7.7% n=2  
  262144 tokens         3684.1 ± 3.1% n=2  
prefix replay: cold 6.553 s, warm 0.268 s, hit rate 0.99
admission 4 x 500000: pass, peak KV 53%, per-stream 22.36 tok/s
dgx1: min MemAvailable 5.83 GiB, swap growth 0.0 GiB
dgx2: min MemAvailable 7.59 GiB, swap growth 0.0 GiB
dgx3: min MemAvailable 7.6 GiB, swap growth 0.0 GiB
dgx1: GPU max 75.0 C (14.0 C below its limit at the closest), board max 82.8 C, power max 70.72 W, thermal slowdown 0.0 ms
dgx2: GPU max 71.0 C (17.0 C below its limit at the closest), board max 80.7 C, power max 71.64 W, thermal slowdown 0.0 ms
dgx3: GPU max 69.0 C (20.0 C below its limit at the closest), board max 80.8 C, power max 70.57 W, thermal slowdown 0.0 ms
report: results/private/bench/memory-saver-capacity-64k-sustained/bench.json
