	menuentry 'DGX OS GNU/Linux, with Linux 7.0.0-1019-nvidia-64k' --class dgx --class gnu-linux --class gnu --class os $menuentry_id_option 'gnulinux-7.0.0-1019-nvidia-64k-advanced-d27bfd26-ff30-400e-9eca-9cdf73de9406' {
# Validated 64 KiB memory-saver serving default; 4 KiB entry retained.
GRUB_DEFAULT="gnulinux-advanced-d27bfd26-ff30-400e-9eca-9cdf73de9406>gnulinux-7.0.0-1019-nvidia-64k-advanced-d27bfd26-ff30-400e-9eca-9cdf73de9406"
Sourcing file `/etc/default/grub'
Sourcing file `/etc/default/grub.d/disable-init-on-alloc.cfg'
Sourcing file `/etc/default/grub.d/grubserial.cfg'
Sourcing file `/etc/default/grub.d/iommu.cfg'
Sourcing file `/etc/default/grub.d/kdump-tools.cfg'
Sourcing file `/etc/default/grub.d/menu.cfg'
Sourcing file `/etc/default/grub.d/no-grubmenu.cfg'
Sourcing file `/etc/default/grub.d/nvidia-console-settings.cfg'
Sourcing file `/etc/default/grub.d/nvidia-earlycon.cfg'
Sourcing file `/etc/default/grub.d/nvidia-spark-initcall-bl.cfg'
Sourcing file `/etc/default/grub.d/nvidia-spark-kho.cfg'
Sourcing file `/etc/default/grub.d/nvidia-spark-pci.cfg'
Sourcing file `/etc/default/grub.d/zz-spark-console.cfg'
Sourcing file `/etc/default/grub.d/zz-spark-kernel-trial.cfg'
Generating grub configuration file ...
Found linux image: /boot/vmlinuz-7.0.0-1019-nvidia-64k
Found initrd image: /boot/initrd.img-7.0.0-1019-nvidia-64k
Found linux image: /boot/vmlinuz-7.0.0-1019-nvidia
Found initrd image: /boot/initrd.img-7.0.0-1019-nvidia
Found linux image: /boot/vmlinuz-6.17.0-1032-nvidia
Found initrd image: /boot/initrd.img-6.17.0-1032-nvidia
Found linux image: /boot/vmlinuz-6.11.0-1016-nvidia
Found initrd image: /boot/initrd.img-6.11.0-1016-nvidia
Warning: os-prober will not be executed to detect other bootable partitions.
Systems on them will not be added to the GRUB boot configuration.
Check GRUB_DISABLE_OS_PROBER documentation entry.
Adding boot menu entry for UEFI Firmware Settings ...
done
   set default="gnulinux-advanced-d27bfd26-ff30-400e-9eca-9cdf73de9406>gnulinux-7.0.0-1019-nvidia-64k-advanced-d27bfd26-ff30-400e-9eca-9cdf73de9406"
next_entry=
