Cloning into '/home/swank/projects/dgx-spark-memory-saver'...
HEAD is now at 2dd6ef1 Describe measured benefits and validation affirmatively
test_cached_install_rechecks_driver_and_packages (test_dkms.BuildChecks.test_cached_install_rechecks_driver_and_packages) ... ok
test_changed_source_is_rejected (test_dkms.BuildChecks.test_changed_source_is_rejected) ... ok
test_competing_nvidia_dkms_is_rejected (test_dkms.BuildChecks.test_competing_nvidia_dkms_is_rejected) ... ok
test_header_release_and_page_configuration_are_checked (test_dkms.BuildChecks.test_header_release_and_page_configuration_are_checked) ... ok
test_install_requires_intact_stock_module_and_no_other_override (test_dkms.BuildChecks.test_install_requires_intact_stock_module_and_no_other_override) ... ok
test_manual_and_dkms_builds_preserve_packaged_source (test_dkms.BuildChecks.test_manual_and_dkms_builds_preserve_packaged_source) ... ok
test_other_kernels_are_rejected (test_dkms.BuildChecks.test_other_kernels_are_rejected) ... ok
test_workspace_reuse_and_symlink_cleanup_are_rejected (test_dkms.BuildChecks.test_workspace_reuse_and_symlink_cleanup_are_rejected) ... ok
test_wrong_platform_is_rejected (test_dkms.BuildChecks.test_wrong_platform_is_rejected) ... ok
test_dkms_default_patch_applies_to_historical_patch_content (test_dkms.PackagingChecks.test_dkms_default_patch_applies_to_historical_patch_content) ... ok
test_dkms_registers_only_uvm_with_exact_kernel_and_arch (test_dkms.PackagingChecks.test_dkms_registers_only_uvm_with_exact_kernel_and_arch) ... ok
test_initramfs_hook_refuses_other_kernels_before_commands (test_dkms.PackagingChecks.test_initramfs_hook_refuses_other_kernels_before_commands) ... ok
test_initramfs_refresh_order_missing_image_and_failure (test_dkms.PackagingChecks.test_initramfs_refresh_order_missing_image_and_failure) ... ok
test_active_module_blocks_install_without_writes (test_operations.ManualTests.test_active_module_blocks_install_without_writes) ... ok
test_changed_artifact_and_default_off_builds_rejected (test_operations.ManualTests.test_changed_artifact_and_default_off_builds_rejected) ... ok
test_dkms_registration_blocks_manual_install (test_operations.ManualTests.test_dkms_registration_blocks_manual_install) ... ok
test_failed_refresh_is_recoverable_through_remove (test_operations.ManualTests.test_failed_refresh_is_recoverable_through_remove) ... ok
test_failed_removal_keeps_receipt_for_retry (test_operations.ManualTests.test_failed_removal_keeps_receipt_for_retry) ... ok
test_full_install_remove_preserves_stock_and_clears_receipt (test_operations.ManualTests.test_full_install_remove_preserves_stock_and_clears_receipt) ... ok
test_removal_refuses_file_replaced_by_someone_else (test_operations.ManualTests.test_removal_refuses_file_replaced_by_someone_else) ... ok
test_secure_boot_signed_install_requires_matching_enrolled_certificate (test_operations.ManualTests.test_secure_boot_signed_install_requires_matching_enrolled_certificate) ... ok
test_unsigned_module_is_rejected_when_secure_boot_enabled (test_operations.ManualTests.test_unsigned_module_is_rejected_when_secure_boot_enabled) ... ok
test_build_sign_records_signed_artifact_and_public_certificate (test_operations.SigningTests.test_build_sign_records_signed_artifact_and_public_certificate) ... ok
test_enrollment_requires_exact_positive_text_including_exit_one (test_operations.SigningTests.test_enrollment_requires_exact_positive_text_including_exit_one) ... ok
test_generation_never_overwrites_existing_pair (test_operations.SigningTests.test_generation_never_overwrites_existing_pair) ... ok
test_insecure_key_mode_rejected_before_build (test_operations.SigningTests.test_insecure_key_mode_rejected_before_build) ... ok
test_key_certificate_mismatch_rejected (test_operations.SigningTests.test_key_certificate_mismatch_rejected) ... ok
test_real_key_generation_pair_permissions_and_module_signing_oid (test_operations.SigningTests.test_real_key_generation_pair_permissions_and_module_signing_oid) ... ok
test_collect_uses_only_read_only_commands (test_operations.StatusTests.test_collect_uses_only_read_only_commands) ... ok
test_healthy_parameter_state_without_savings_claim (test_operations.StatusTests.test_healthy_parameter_state_without_savings_claim) ... ok
test_incomplete_install_and_dual_registration (test_operations.StatusTests.test_incomplete_install_and_dual_registration) ... ok
test_loaded_disk_mismatch_and_driver_drift (test_operations.StatusTests.test_loaded_disk_mismatch_and_driver_drift) ... ok
test_unreadable_identity_is_unknown_not_success (test_operations.StatusTests.test_unreadable_identity_is_unknown_not_success) ... ok
test_historical_artifact_hashes (test_repository.RepositoryChecks.test_historical_artifact_hashes) ... ok
test_json_and_python_syntax_without_execution (test_repository.RepositoryChecks.test_json_and_python_syntax_without_execution) ... ok
test_local_documentation_links (test_repository.RepositoryChecks.test_local_documentation_links) ... ok
test_patch_parses (test_repository.RepositoryChecks.test_patch_parses) ... ok

----------------------------------------------------------------------
Ran 37 tests in 0.988s

OK
8665871fb4a6ed02587460b94c176e09de6e8b92d773594f29ae281337e445fb /tmp/tmpt5a81mos/.work/build/nvidia-uvm.ko
Built only; signing, installation and loading are separate.
8665871fb4a6ed02587460b94c176e09de6e8b92d773594f29ae281337e445fb /tmp/tmpt5a81mos/.work/build/nvidia-uvm.ko
Built only; signing, installation and loading are separate.
No initramfs for 7.0.0-1019-nvidia-64k (possibly being removed); no archive created.
Manual override removed and stock UVM selected; not loaded.
Installed /tmp/tmpysy1m1dz/lib/modules/updates/memory-saver/nvidia-uvm.ko; not loaded. Run ./scripts/status before loading.
Manual override removed and stock UVM selected; not loaded.
Installed /tmp/tmpg_kr86vh/lib/modules/updates/memory-saver/nvidia-uvm.ko; not loaded. Run ./scripts/status before loading.
Manual override removed and stock UVM selected; not loaded.
Installed /tmp/tmpg1_hftc9/lib/modules/updates/memory-saver/nvidia-uvm.ko; not loaded. Run ./scripts/status before loading.
Installed /tmp/tmpxl3sht9d/lib/modules/updates/memory-saver/nvidia-uvm.ko; not loaded. Run ./scripts/status before loading.
Generated /tmp/tmpmxi3rwva/keys/MOK.priv and /tmp/tmpmxi3rwva/keys/MOK.der; not enrolled.
subject=CN = DGX Spark local module signing
sha256 Fingerprint=32:35:5F:1E:8C:5F:B1:38:CB:1A:09:24:79:EE:F3:BA:6E:61:D9:C6:93:69:23:9E:68:10:32:88:34:5B:C2:22
Signed for 7.0.0-1019-nvidia-64k by Local test signer; not installed or loaded.
Generated /tmp/tmp6zh1m04e/MOK.priv and /tmp/tmp6zh1m04e/MOK.der; not enrolled.
subject=CN = DGX Spark local module signing
sha256 Fingerprint=59:DA:6C:5A:39:4B:18:A0:4D:49:38:6B:2E:C6:EE:E6:1C:A2:6F:6D:DF:61:2F:5D:50:B6:43:1F:E7:34:F4:3E
/root/.local/share/dgx-spark-fan-control/keys/MOK.der is already enrolled
Deprecated feature: CLEAN (/usr/src/dgx-spark-memory-saver-0.2.0/dkms.conf)
Creating symlink /var/lib/dkms/dgx-spark-memory-saver/0.2.0/source -> /usr/src/dgx-spark-memory-saver-0.2.0
Deprecated feature: CLEAN (/var/lib/dkms/dgx-spark-memory-saver/0.2.0/source/dkms.conf)
Sign command: /usr/bin/kmodsign
Signing key: /root/.local/share/dgx-spark-fan-control/keys/MOK.priv
Public certificate (MOK): /root/.local/share/dgx-spark-fan-control/keys/MOK.der

Building module(s).............. done.
Signing module /var/lib/dkms/dgx-spark-memory-saver/0.2.0/build/.work/nvidia-580.178.04-uvm-pool/nvidia-uvm.ko
Deprecated feature: CLEAN (/var/lib/dkms/dgx-spark-memory-saver/0.2.0/source/dkms.conf)
Running the pre_install script:
Found pre-existing /lib/modules/7.0.0-1019-nvidia-64k/kernel/nvidia-580-open/nvidia-uvm.ko, archiving for uninstallation
Installing /lib/modules/7.0.0-1019-nvidia-64k/updates/dkms/nvidia-uvm.ko.zst
Running the post_install script:
update-initramfs: Generating /boot/initrd.img-7.0.0-1019-nvidia-64k
Running depmod... done.
update-initramfs: Generating /boot/initrd.img-7.0.0-1019-nvidia-64k
{
  "kernel": "7.0.0-1019-nvidia",
  "page_size": "4096",
  "rm_version": "580.178.04",
  "uvm_loaded": true,
  "loaded_srcversion": "09F2A78862D06017E9324B6",
  "packing": null,
  "current_disk": {
    "filename": "/lib/modules/7.0.0-1019-nvidia/kernel/nvidia-580-open/nvidia-uvm.ko",
    "version": "580.178.04",
    "srcversion": "09F2A78862D06017E9324B6",
    "signer": "Canonical Ltd. Kernel Module Signing",
    "packing_parameter": false
  },
  "target_disk": {
    "filename": "/lib/modules/7.0.0-1019-nvidia-64k/updates/dkms/nvidia-uvm.ko.zst",
    "version": "580.178.04",
    "srcversion": "34683B82C2D3339BBD2EEC9",
    "signer": "DGX Fleet Secure Boot Module Signature key",
    "packing_parameter": true
  },
  "target_rm_version": "580.178.04",
  "secure_boot": "SecureBoot enabled",
  "manual_install": null,
  "dkms": [
    "dgx-spark-memory-saver/0.2.0, 7.0.0-1019-nvidia-64k, aarch64: installed (Original modules exist)"
  ],
  "issues": [],
  "unknowns": [],
  "state": "stock-loaded"
}
