{
  "kernel": "7.0.0-1019-nvidia-64k",
  "page_size": "65536",
  "rm_version": "610.57.04",
  "uvm_loaded": true,
  "loaded_srcversion": "202FFF5B49CC8B32F1985AD",
  "packing": "Y",
  "current_disk": {
    "filename": "/lib/modules/7.0.0-1019-nvidia-64k/updates/dkms/nvidia-uvm.ko.zst",
    "version": "610.57.04",
    "srcversion": "202FFF5B49CC8B32F1985AD",
    "signer": "DGX Fleet Secure Boot Module Signature key",
    "packing_parameter": true
  },
  "target_disk": {
    "filename": "/lib/modules/7.0.0-1019-nvidia-64k/updates/dkms/nvidia-uvm.ko.zst",
    "version": "610.57.04",
    "srcversion": "202FFF5B49CC8B32F1985AD",
    "signer": "DGX Fleet Secure Boot Module Signature key",
    "packing_parameter": true
  },
  "target_rm_version": "610.57.04",
  "secure_boot": "SecureBoot enabled",
  "manual_install": null,
  "dkms": [
    "dgx-spark-memory-saver/0.3.0, 7.0.0-1019-nvidia-64k, aarch64: installed (Original modules exist)"
  ],
  "issues": [],
  "unknowns": [],
  "state": "packing-enabled"
}
{"passed": true, "allocations": 3584, "threads": 4, "rounds": 12, "full_buffer_readback": true, "seconds": 2.649659344}
Traceback (most recent call last):
  File "/tests/cuda_smoke.py", line 14, in <module>
    torch.cuda.synchronize()
  File "/usr/local/lib/python3.12/dist-packages/torch/cuda/__init__.py", line 1219, in synchronize
    return torch._C._cuda_synchronize()
           ^^^^^^^^^^^^^^^^^^^^^^^^^^^^
torch.AcceleratorError: CUDA error: unspecified launch failure
Search for `cudaErrorLaunchFailure' in https://docs.nvidia.com/cuda/cuda-runtime-api/group__CUDART__TYPES.html for more information.
CUDA kernel errors might be asynchronously reported at some other API call, so the stacktrace below might be incorrect.
For debugging consider passing CUDA_LAUNCH_BLOCKING=1

[W1002 14:32:19.240407984 CachingHostAllocator.cpp:26] Warning: Exception in pinned allocator free(), rethrowing (function free)
terminate called after throwing an instance of 'c10::AcceleratorError'
  what():  CUDA error: unspecified launch failure
Search for `cudaErrorLaunchFailure' in https://docs.nvidia.com/cuda/cuda-runtime-api/group__CUDART__TYPES.html for more information.
CUDA kernel errors might be asynchronously reported at some other API call, so the stacktrace below might be incorrect.
For debugging consider passing CUDA_LAUNCH_BLOCKING=1

Exception raised from createEvent at /__w/pytorch/pytorch/c10/cuda/CUDAEvent.h:262 (most recent call first):
frame #0: c10::Error::Error(c10::SourceLocation, std::__cxx11::basic_string<char, std::char_traits<char>, std::allocator<char> >) + 0xc8 (0xee69d423e158 in /usr/local/lib/python3.12/dist-packages/torch/lib/libc10.so)
frame #1: c10::cuda::c10_cuda_check_implementation(int, char const*, char const*, unsigned int, bool) + 0x834 (0xee69d4379b54 in /usr/local/lib/python3.12/dist-packages/torch/lib/libc10_cuda.so)
frame #2: <unknown function> + 0xeba88c (0xee69d4eba88c in /usr/local/lib/python3.12/dist-packages/torch/lib/libtorch_cuda.so)
frame #3: <unknown function> + 0xf4dcf0 (0xee69d4f4dcf0 in /usr/local/lib/python3.12/dist-packages/torch/lib/libtorch_cuda.so)
frame #4: <unknown function> + 0xf4e45c (0xee69d4f4e45c in /usr/local/lib/python3.12/dist-packages/torch/lib/libtorch_cuda.so)
frame #5: <unknown function> + 0x489870 (0xee69d4219870 in /usr/local/lib/python3.12/dist-packages/torch/lib/libc10.so)
frame #6: c10::TensorImpl::~TensorImpl() + 0x14 (0xee69d41d6164 in /usr/local/lib/python3.12/dist-packages/torch/lib/libc10.so)
frame #7: <unknown function> + 0x5e47e8 (0xee69f62b47e8 in /usr/local/lib/python3.12/dist-packages/torch/lib/libtorch_python.so)
frame #8: <unknown function> + 0xb43c7c (0xee69f6813c7c in /usr/local/lib/python3.12/dist-packages/torch/lib/libtorch_python.so)
frame #9: python3() [0x5242d4]
frame #10: python3() [0x4f28e4]
<omitting python frames>
frame #12: python3() [0x67b5a8]
frame #16: <unknown function> + 0x284c4 (0xee6a7d6984c4 in /lib/aarch64-linux-gnu/libc.so.6)
frame #17: __libc_start_main + 0x98 (0xee6a7d698598 in /lib/aarch64-linux-gnu/libc.so.6)

