Traceback (most recent call last):
  File "/tests/cuda_smoke.py", line 14, in <module>
    torch.cuda.synchronize()
  File "/usr/local/lib/python3.12/dist-packages/torch/cuda/__init__.py", line 1219, in synchronize
    return torch._C._cuda_synchronize()
           ^^^^^^^^^^^^^^^^^^^^^^^^^^^^
torch.AcceleratorError: CUDA error: unspecified launch failure
Search for `cudaErrorLaunchFailure' in https://docs.nvidia.com/cuda/cuda-runtime-api/group__CUDART__TYPES.html for more information.
CUDA kernel errors might be asynchronously reported at some other API call, so the stacktrace below might be incorrect.
For debugging consider passing CUDA_LAUNCH_BLOCKING=1

[W1002 14:36:09.408418740 CachingHostAllocator.cpp:26] Warning: Exception in pinned allocator free(), rethrowing (function free)
terminate called after throwing an instance of 'c10::AcceleratorError'
  what():  CUDA error: unspecified launch failure
Search for `cudaErrorLaunchFailure' in https://docs.nvidia.com/cuda/cuda-runtime-api/group__CUDART__TYPES.html for more information.
CUDA kernel errors might be asynchronously reported at some other API call, so the stacktrace below might be incorrect.
For debugging consider passing CUDA_LAUNCH_BLOCKING=1

Exception raised from createEvent at /__w/pytorch/pytorch/c10/cuda/CUDAEvent.h:262 (most recent call first):
frame #0: c10::Error::Error(c10::SourceLocation, std::__cxx11::basic_string<char, std::char_traits<char>, std::allocator<char> >) + 0xc8 (0xfe2b68c3e158 in /usr/local/lib/python3.12/dist-packages/torch/lib/libc10.so)
frame #1: c10::cuda::c10_cuda_check_implementation(int, char const*, char const*, unsigned int, bool) + 0x834 (0xfe2b68d79b54 in /usr/local/lib/python3.12/dist-packages/torch/lib/libc10_cuda.so)
frame #2: <unknown function> + 0xeba88c (0xfe2b698ba88c in /usr/local/lib/python3.12/dist-packages/torch/lib/libtorch_cuda.so)
frame #3: <unknown function> + 0xf4dcf0 (0xfe2b6994dcf0 in /usr/local/lib/python3.12/dist-packages/torch/lib/libtorch_cuda.so)
frame #4: <unknown function> + 0xf4e45c (0xfe2b6994e45c in /usr/local/lib/python3.12/dist-packages/torch/lib/libtorch_cuda.so)
frame #5: <unknown function> + 0x489870 (0xfe2b68c19870 in /usr/local/lib/python3.12/dist-packages/torch/lib/libc10.so)
frame #6: c10::TensorImpl::~TensorImpl() + 0x14 (0xfe2b68bd6164 in /usr/local/lib/python3.12/dist-packages/torch/lib/libc10.so)
frame #7: <unknown function> + 0x5e47e8 (0xfe2b8acb47e8 in /usr/local/lib/python3.12/dist-packages/torch/lib/libtorch_python.so)
frame #8: <unknown function> + 0xb43c7c (0xfe2b8b213c7c in /usr/local/lib/python3.12/dist-packages/torch/lib/libtorch_python.so)
frame #9: python3() [0x5242d4]
frame #10: python3() [0x4f28e4]
<omitting python frames>
frame #12: python3() [0x67b5a8]
frame #16: <unknown function> + 0x284c4 (0xfe2c120884c4 in /lib/aarch64-linux-gnu/libc.so.6)
frame #17: __libc_start_main + 0x98 (0xfe2c12088598 in /lib/aarch64-linux-gnu/libc.so.6)

